$ python 02_attacks.py

==============================================================================
  DEMO B: Removal attacks on the stolen model  (acceptance threshold BER <= 0.125)
==============================================================================
  none (stolen as-is)          acc=0.9866   owner BER=0.000   -> WATERMARK SURVIVES

  -- weight pruning (per-layer magnitude) --
  prune 20%                    acc=0.9860   owner BER=0.000   -> WATERMARK SURVIVES
  prune 40%                    acc=0.9728   owner BER=0.000   -> WATERMARK SURVIVES
  prune 65%                    acc=0.6573   owner BER=0.000   -> WATERMARK SURVIVES
  prune 80%                    acc=0.3335   owner BER=0.000   -> WATERMARK SURVIVES
  prune 90%                    acc=0.0941   owner BER=0.016   -> WATERMARK SURVIVES
  prune 95%                    acc=0.0852   owner BER=0.016   -> WATERMARK SURVIVES

  -- quantisation --
  int8 quantisation            acc=0.9865   owner BER=0.000   -> WATERMARK SURVIVES
  int4 quantisation            acc=0.9866   owner BER=0.000   -> WATERMARK SURVIVES

  -- fine-tuning on the thief's own 10k samples --
  [FTAL-1] epoch 1/1  loss=0.0221  (0.3s)
  FTAL 1 epoch                 acc=0.9859   owner BER=0.000   -> WATERMARK SURVIVES
  [FTAL-5] epoch 1/5  loss=0.0221  (0.1s)
  [FTAL-5] epoch 2/5  loss=0.0004  (0.1s)
  [FTAL-5] epoch 3/5  loss=0.0404  (0.1s)
  [FTAL-5] epoch 4/5  loss=0.0011  (0.1s)
  [FTAL-5] epoch 5/5  loss=0.0017  (0.1s)
  FTAL 5 epochs                acc=0.9883   owner BER=0.000   -> WATERMARK SURVIVES
  [RTAL-5] epoch 1/5  loss=0.1470  (0.1s)
  [RTAL-5] epoch 2/5  loss=0.0054  (0.1s)
  [RTAL-5] epoch 3/5  loss=0.0010  (0.1s)
  [RTAL-5] epoch 4/5  loss=0.0027  (0.1s)
  [RTAL-5] epoch 5/5  loss=0.0004  (0.1s)
  RTAL 5 epochs                acc=0.9856   owner BER=0.000   -> WATERMARK SURVIVES

  -- overwriting: thief embeds their own Uchida watermark in the same layer --
  [overwrite] epoch 1/3  loss=0.5265  (0.1s)  BER=0.266
  [overwrite] epoch 2/3  loss=0.2149  (0.1s)  BER=0.000
  [overwrite] epoch 3/3  loss=0.1186  (0.1s)  BER=0.000
  overwrite 3 epochs           acc=0.9864   owner BER=0.047   -> WATERMARK SURVIVES

  -- feature permutation (SoK, 'Feature Permutation (Ours)') --
  feature permutation          acc=0.9866   owner BER=0.438   -> watermark REMOVED
  permutation + owner realign  acc=0.9866   owner BER=0.000   -> WATERMARK SURVIVES

  Saved results/attacks.csv and results/attacks.png
